// Jest Snapshot v1, https://goo.gl/fbAQLP

exports[`components/Preset it renders 1`] = `
Object {
  "asFragment": [Function],
  "baseElement": <body>
    <div>
      <main
        class="content preset"
      >
        <h2
          data-testid="presets-title"
        >
          Presets
        </h2>
        <p>
          Select the group preset you want to use:
        </p>
        <ul
          class="presets-list"
          data-testid="presets-list"
        >
          <li
            class="preset-item"
          >
            <button
              class="preset-button"
              id="a005"
            >
              Banda Vyrus
               (
              6
               members)
            </button>
          </li>
          <li
            class="preset-item"
          >
            <button
              class="preset-button"
              id="a001"
            >
              Squirrel Zone
               (
              11
               members)
            </button>
          </li>
          <li
            class="preset-item"
          >
            <button
              class="preset-button"
              id="a003"
            >
              Squirrel Zone 1.5
               (
              5
               members)
            </button>
          </li>
          <li
            class="preset-item"
          >
            <button
              class="preset-button"
              id="b002"
            >
              Squirrel Zone I
               (
              5
               members)
            </button>
          </li>
          <li
            class="preset-item"
          >
            <button
              class="preset-button"
              id="a004"
            >
              Squirrel Zone II
               (
              5
               members)
            </button>
          </li>
        </ul>
        <h3>
          Custom Presets
        </h3>
        <p>
          You have no custom presets saved on this browser.
        </p>
      </main>
    </div>
  </body>,
  "container": <div>
    <main
      class="content preset"
    >
      <h2
        data-testid="presets-title"
      >
        Presets
      </h2>
      <p>
        Select the group preset you want to use:
      </p>
      <ul
        class="presets-list"
        data-testid="presets-list"
      >
        <li
          class="preset-item"
        >
          <button
            class="preset-button"
            id="a005"
          >
            Banda Vyrus
             (
            6
             members)
          </button>
        </li>
        <li
          class="preset-item"
        >
          <button
            class="preset-button"
            id="a001"
          >
            Squirrel Zone
             (
            11
             members)
          </button>
        </li>
        <li
          class="preset-item"
        >
          <button
            class="preset-button"
            id="a003"
          >
            Squirrel Zone 1.5
             (
            5
             members)
          </button>
        </li>
        <li
          class="preset-item"
        >
          <button
            class="preset-button"
            id="b002"
          >
            Squirrel Zone I
             (
            5
             members)
          </button>
        </li>
        <li
          class="preset-item"
        >
          <button
            class="preset-button"
            id="a004"
          >
            Squirrel Zone II
             (
            5
             members)
          </button>
        </li>
      </ul>
      <h3>
        Custom Presets
      </h3>
      <p>
        You have no custom presets saved on this browser.
      </p>
    </main>
  </div>,
  "debug": [Function],
  "findAllByAltText": [Function],
  "findAllByDisplayValue": [Function],
  "findAllByLabelText": [Function],
  "findAllByPlaceholderText": [Function],
  "findAllByRole": [Function],
  "findAllByTestId": [Function],
  "findAllByText": [Function],
  "findAllByTitle": [Function],
  "findByAltText": [Function],
  "findByDisplayValue": [Function],
  "findByLabelText": [Function],
  "findByPlaceholderText": [Function],
  "findByRole": [Function],
  "findByTestId": [Function],
  "findByText": [Function],
  "findByTitle": [Function],
  "getAllByAltText": [Function],
  "getAllByDisplayValue": [Function],
  "getAllByLabelText": [Function],
  "getAllByPlaceholderText": [Function],
  "getAllByRole": [Function],
  "getAllByTestId": [Function],
  "getAllByText": [Function],
  "getAllByTitle": [Function],
  "getByAltText": [Function],
  "getByDisplayValue": [Function],
  "getByLabelText": [Function],
  "getByPlaceholderText": [Function],
  "getByRole": [Function],
  "getByTestId": [Function],
  "getByText": [Function],
  "getByTitle": [Function],
  "queryAllByAltText": [Function],
  "queryAllByDisplayValue": [Function],
  "queryAllByLabelText": [Function],
  "queryAllByPlaceholderText": [Function],
  "queryAllByRole": [Function],
  "queryAllByTestId": [Function],
  "queryAllByText": [Function],
  "queryAllByTitle": [Function],
  "queryByAltText": [Function],
  "queryByDisplayValue": [Function],
  "queryByLabelText": [Function],
  "queryByPlaceholderText": [Function],
  "queryByRole": [Function],
  "queryByTestId": [Function],
  "queryByText": [Function],
  "queryByTitle": [Function],
  "rerender": [Function],
  "unmount": [Function],
}
`;

exports[`components/Preset its title is correct 1`] = `
Object {
  "asFragment": [Function],
  "baseElement": <body>
    <div>
      <main
        class="content preset"
      >
        <h2
          data-testid="presets-title"
        >
          Presets
        </h2>
        <p>
          Select the group preset you want to use:
        </p>
        <ul
          class="presets-list"
          data-testid="presets-list"
        >
          <li
            class="preset-item"
          >
            <button
              class="preset-button"
              id="a005"
            >
              Banda Vyrus
               (
              6
               members)
            </button>
          </li>
          <li
            class="preset-item"
          >
            <button
              class="preset-button"
              id="a001"
            >
              Squirrel Zone
               (
              11
               members)
            </button>
          </li>
          <li
            class="preset-item"
          >
            <button
              class="preset-button"
              id="a003"
            >
              Squirrel Zone 1.5
               (
              5
               members)
            </button>
          </li>
          <li
            class="preset-item"
          >
            <button
              class="preset-button"
              id="b002"
            >
              Squirrel Zone I
               (
              5
               members)
            </button>
          </li>
          <li
            class="preset-item"
          >
            <button
              class="preset-button"
              id="a004"
            >
              Squirrel Zone II
               (
              5
               members)
            </button>
          </li>
        </ul>
        <h3>
          Custom Presets
        </h3>
        <p>
          You have no custom presets saved on this browser.
        </p>
      </main>
    </div>
  </body>,
  "container": <div>
    <main
      class="content preset"
    >
      <h2
        data-testid="presets-title"
      >
        Presets
      </h2>
      <p>
        Select the group preset you want to use:
      </p>
      <ul
        class="presets-list"
        data-testid="presets-list"
      >
        <li
          class="preset-item"
        >
          <button
            class="preset-button"
            id="a005"
          >
            Banda Vyrus
             (
            6
             members)
          </button>
        </li>
        <li
          class="preset-item"
        >
          <button
            class="preset-button"
            id="a001"
          >
            Squirrel Zone
             (
            11
             members)
          </button>
        </li>
        <li
          class="preset-item"
        >
          <button
            class="preset-button"
            id="a003"
          >
            Squirrel Zone 1.5
             (
            5
             members)
          </button>
        </li>
        <li
          class="preset-item"
        >
          <button
            class="preset-button"
            id="b002"
          >
            Squirrel Zone I
             (
            5
             members)
          </button>
        </li>
        <li
          class="preset-item"
        >
          <button
            class="preset-button"
            id="a004"
          >
            Squirrel Zone II
             (
            5
             members)
          </button>
        </li>
      </ul>
      <h3>
        Custom Presets
      </h3>
      <p>
        You have no custom presets saved on this browser.
      </p>
    </main>
  </div>,
  "debug": [Function],
  "findAllByAltText": [Function],
  "findAllByDisplayValue": [Function],
  "findAllByLabelText": [Function],
  "findAllByPlaceholderText": [Function],
  "findAllByRole": [Function],
  "findAllByTestId": [Function],
  "findAllByText": [Function],
  "findAllByTitle": [Function],
  "findByAltText": [Function],
  "findByDisplayValue": [Function],
  "findByLabelText": [Function],
  "findByPlaceholderText": [Function],
  "findByRole": [Function],
  "findByTestId": [Function],
  "findByText": [Function],
  "findByTitle": [Function],
  "getAllByAltText": [Function],
  "getAllByDisplayValue": [Function],
  "getAllByLabelText": [Function],
  "getAllByPlaceholderText": [Function],
  "getAllByRole": [Function],
  "getAllByTestId": [Function],
  "getAllByText": [Function],
  "getAllByTitle": [Function],
  "getByAltText": [Function],
  "getByDisplayValue": [Function],
  "getByLabelText": [Function],
  "getByPlaceholderText": [Function],
  "getByRole": [Function],
  "getByTestId": [Function],
  "getByText": [Function],
  "getByTitle": [Function],
  "queryAllByAltText": [Function],
  "queryAllByDisplayValue": [Function],
  "queryAllByLabelText": [Function],
  "queryAllByPlaceholderText": [Function],
  "queryAllByRole": [Function],
  "queryAllByTestId": [Function],
  "queryAllByText": [Function],
  "queryAllByTitle": [Function],
  "queryByAltText": [Function],
  "queryByDisplayValue": [Function],
  "queryByLabelText": [Function],
  "queryByPlaceholderText": [Function],
  "queryByRole": [Function],
  "queryByTestId": [Function],
  "queryByText": [Function],
  "queryByTitle": [Function],
  "rerender": [Function],
  "unmount": [Function],
}
`;
